Release 14.7 - xst P.20131013 (nt64)
Copyright (c) 1995-2013 Xilinx, Inc.  All rights reserved.
--> Parameter TMPDIR set to xst/projnav.tmp


Total REAL time to Xst completion: 0.00 secs
Total CPU time to Xst completion: 0.08 secs
 
--> Parameter xsthdpdir set to xst


Total REAL time to Xst completion: 0.00 secs
Total CPU time to Xst completion: 0.08 secs
 
--> Reading design: mx_add.prj

TABLE OF CONTENTS
  1) Synthesis Options Summary
  2) HDL Parsing
  3) HDL Elaboration
  4) HDL Synthesis
       4.1) HDL Synthesis Report
  5) Advanced HDL Synthesis
       5.1) Advanced HDL Synthesis Report
  6) Low Level Synthesis
  7) Partition Report
  8) Design Summary
       8.1) Primitive and Black Box Usage
       8.2) Device utilization summary
       8.3) Partition Resource Summary
       8.4) Timing Report
            8.4.1) Clock Information
            8.4.2) Asynchronous Control Signals Information
            8.4.3) Timing Summary
            8.4.4) Timing Details
            8.4.5) Cross Clock Domains Report


=========================================================================
*                      Synthesis Options Summary                        *
=========================================================================
---- Source Parameters
Input File Name                    : "mx_add.prj"
Ignore Synthesis Constraint File   : NO

---- Target Parameters
Output File Name                   : "mx_add"
Output Format                      : NGC
Target Device                      : xc6slx16-2-csg324

---- Source Options
Top Module Name                    : mx_add
Automatic FSM Extraction           : YES
FSM Encoding Algorithm             : Auto
Safe Implementation                : No
FSM Style                          : LUT
RAM Extraction                     : Yes
RAM Style                          : Auto
ROM Extraction                     : Yes
Shift Register Extraction          : YES
ROM Style                          : Auto
Resource Sharing                   : YES
Asynchronous To Synchronous        : NO
Shift Register Minimum Size        : 2
Use DSP Block                      : Auto
Automatic Register Balancing       : No

---- Target Options
LUT Combining                      : Auto
Reduce Control Sets                : Auto
Add IO Buffers                     : NO
Global Maximum Fanout              : 100000
Add Generic Clock Buffer(BUFG)     : 16
Register Duplication               : YES
Optimize Instantiated Primitives   : NO
Use Clock Enable                   : Auto
Use Synchronous Set                : Auto
Use Synchronous Reset              : Auto
Pack IO Registers into IOBs        : Auto
Equivalent register Removal        : YES

---- General Options
Optimization Goal                  : Speed
Optimization Effort                : 1
Power Reduction                    : NO
Keep Hierarchy                     : No
Netlist Hierarchy                  : As_Optimized
RTL Output                         : Yes
Global Optimization                : AllClockNets
Read Cores                         : YES
Write Timing Constraints           : NO
Cross Clock Analysis               : NO
Hierarchy Separator                : /
Bus Delimiter                      : <>
Case Specifier                     : Maintain
Slice Utilization Ratio            : 100
BRAM Utilization Ratio             : 100
DSP48 Utilization Ratio            : 100
Auto BRAM Packing                  : NO
Slice Utilization Ratio Delta      : 5

=========================================================================


=========================================================================
*                          HDL Parsing                                  *
=========================================================================
Parsing VHDL file "C:\Users\HP\Desktop\University\Academics\Capstone\XXTEA\XXTEA\mx_add.vhd" into library work
Parsing entity <mx_add>.
Parsing architecture <Behavioral> of entity <mx_add>.

=========================================================================
*                            HDL Elaboration                            *
=========================================================================

Elaborating entity <mx_add> (architecture <Behavioral>) from library <work>.

=========================================================================
*                           HDL Synthesis                               *
=========================================================================

Synthesizing Unit <mx_add>.
    Related source file is "C:\Users\HP\Desktop\University\Academics\Capstone\XXTEA\XXTEA\mx_add.vhd".
    Found 32-bit adder for signal <x> created at line 68.
    Found 32-bit adder for signal <a> created at line 69.
    Found 32-bit adder for signal <addend[31]_after_mx[31]_add_7_OUT> created at line 74.
    Found 32-bit subtractor for signal <GND_4_o_GND_4_o_sub_9_OUT<31:0>> created at line 75.
    Summary:
	inferred   3 Adder/Subtractor(s).
Unit <mx_add> synthesized.

=========================================================================
HDL Synthesis Report

Macro Statistics
# Adders/Subtractors                                   : 3
 32-bit adder                                          : 2
 32-bit addsub                                         : 1
# Xors                                                 : 5
 32-bit xor2                                           : 5

=========================================================================

=========================================================================
*                       Advanced HDL Synthesis                          *
=========================================================================


=========================================================================
Advanced HDL Synthesis Report

Macro Statistics
# Adders/Subtractors                                   : 3
 32-bit adder                                          : 2
 32-bit addsub                                         : 1
# Xors                                                 : 5
 32-bit xor2                                           : 5

=========================================================================

=========================================================================
*                         Low Level Synthesis                           *
=========================================================================

Optimizing unit <mx_add> ...

Mapping all equations...
Building and optimizing final netlist ...
Found area constraint ratio of 100 (+ 5) on block mx_add, actual ratio is 3.

Final Macro Processing ...

=========================================================================
Final Register Report

Found no macro
=========================================================================

=========================================================================
*                           Partition Report                            *
=========================================================================

Partition Implementation Status
-------------------------------

  No Partitions were found in this design.

-------------------------------

=========================================================================
*                            Design Summary                             *
=========================================================================

Top Level Output File Name         : mx_add.ngc

Primitive and Black Box Usage:
------------------------------
# BELS                             : 342
#      GND                         : 1
#      LUT2                        : 61
#      LUT3                        : 4
#      LUT4                        : 87
#      MUXCY                       : 93
#      XORCY                       : 96

Device utilization summary:
---------------------------

Selected Device : 6slx16csg324-2 


Slice Logic Utilization: 
 Number of Slice LUTs:                  152  out of   9112     1%  
    Number used as Logic:               152  out of   9112     1%  

Slice Logic Distribution: 
 Number of LUT Flip Flop pairs used:    152
   Number with an unused Flip Flop:     152  out of    152   100%  
   Number with an unused LUT:             0  out of    152     0%  
   Number of fully used LUT-FF pairs:     0  out of    152     0%  
   Number of unique control sets:         0

IO Utilization: 
 Number of IOs:                         193
 Number of bonded IOBs:                   0  out of    232     0%  

Specific Feature Utilization:

---------------------------
Partition Resource Summary:
---------------------------

  No Partitions were found in this design.

---------------------------


=========================================================================
Timing Report

NOTE: THESE TIMING NUMBERS ARE ONLY A SYNTHESIS ESTIMATE.
      FOR ACCURATE TIMING INFORMATION PLEASE REFER TO THE TRACE REPORT
      GENERATED AFTER PLACE-and-ROUTE.

Clock Information:
------------------
No clock signals found in this design

Asynchronous Control Signals Information:
----------------------------------------
No asynchronous control signals found in this design

Timing Summary:
---------------
Speed Grade: -2

   Minimum period: No path found
   Minimum input arrival time before clock: No path found
   Maximum output required time after clock: No path found
   Maximum combinational path delay: 3.192ns

Timing Details:
---------------
All values displayed in nanoseconds (ns)

=========================================================================
Timing constraint: Default path analysis
  Total number of paths / destination ports: 67306 / 32
-------------------------------------------------------------------------
Delay:               3.192ns (Levels of Logic = 35)
  Source:            sum<0> (PAD)
  Destination:       sigma<31> (PAD)

  Data Path: sum<0> to sigma<31>
                                Gate     Net
    Cell:in->out      fanout   Delay   Delay  Logical Name (Net Name)
    ----------------------------------------  ------------
     LUT4:I0->O            1   0.254   0.000  Madd_a_lut<0> (Madd_a_lut<0>)
     MUXCY:S->O            1   0.215   0.000  Madd_a_cy<0> (Madd_a_cy<0>)
     MUXCY:CI->O           1   0.023   0.000  Madd_a_cy<1> (Madd_a_cy<1>)
     MUXCY:CI->O           1   0.023   0.000  Madd_a_cy<2> (Madd_a_cy<2>)
     MUXCY:CI->O           1   0.023   0.000  Madd_a_cy<3> (Madd_a_cy<3>)
     MUXCY:CI->O           1   0.023   0.000  Madd_a_cy<4> (Madd_a_cy<4>)
     MUXCY:CI->O           1   0.023   0.000  Madd_a_cy<5> (Madd_a_cy<5>)
     MUXCY:CI->O           1   0.023   0.000  Madd_a_cy<6> (Madd_a_cy<6>)
     MUXCY:CI->O           1   0.023   0.000  Madd_a_cy<7> (Madd_a_cy<7>)
     MUXCY:CI->O           1   0.023   0.000  Madd_a_cy<8> (Madd_a_cy<8>)
     MUXCY:CI->O           1   0.023   0.000  Madd_a_cy<9> (Madd_a_cy<9>)
     MUXCY:CI->O           1   0.023   0.000  Madd_a_cy<10> (Madd_a_cy<10>)
     MUXCY:CI->O           1   0.023   0.000  Madd_a_cy<11> (Madd_a_cy<11>)
     MUXCY:CI->O           1   0.023   0.000  Madd_a_cy<12> (Madd_a_cy<12>)
     MUXCY:CI->O           1   0.023   0.000  Madd_a_cy<13> (Madd_a_cy<13>)
     MUXCY:CI->O           1   0.023   0.000  Madd_a_cy<14> (Madd_a_cy<14>)
     MUXCY:CI->O           1   0.023   0.000  Madd_a_cy<15> (Madd_a_cy<15>)
     MUXCY:CI->O           1   0.023   0.000  Madd_a_cy<16> (Madd_a_cy<16>)
     MUXCY:CI->O           1   0.023   0.000  Madd_a_cy<17> (Madd_a_cy<17>)
     MUXCY:CI->O           1   0.023   0.000  Madd_a_cy<18> (Madd_a_cy<18>)
     MUXCY:CI->O           1   0.023   0.000  Madd_a_cy<19> (Madd_a_cy<19>)
     MUXCY:CI->O           1   0.023   0.000  Madd_a_cy<20> (Madd_a_cy<20>)
     MUXCY:CI->O           1   0.023   0.000  Madd_a_cy<21> (Madd_a_cy<21>)
     MUXCY:CI->O           1   0.023   0.000  Madd_a_cy<22> (Madd_a_cy<22>)
     MUXCY:CI->O           1   0.023   0.000  Madd_a_cy<23> (Madd_a_cy<23>)
     MUXCY:CI->O           1   0.023   0.000  Madd_a_cy<24> (Madd_a_cy<24>)
     MUXCY:CI->O           1   0.023   0.000  Madd_a_cy<25> (Madd_a_cy<25>)
     MUXCY:CI->O           1   0.023   0.000  Madd_a_cy<26> (Madd_a_cy<26>)
     MUXCY:CI->O           1   0.023   0.000  Madd_a_cy<27> (Madd_a_cy<27>)
     MUXCY:CI->O           1   0.023   0.000  Madd_a_cy<28> (Madd_a_cy<28>)
     MUXCY:CI->O           1   0.023   0.000  Madd_a_cy<29> (Madd_a_cy<29>)
     XORCY:CI->O           1   0.206   0.910  Madd_a_xor<30> (a<30>)
     LUT4:I1->O            1   0.235   0.000  Maddsub_sigma_lut<30> (Maddsub_sigma_lut<30>)
     MUXCY:S->O            0   0.215   0.000  Maddsub_sigma_cy<30> (Maddsub_sigma_cy<30>)
     XORCY:CI->O           0   0.206   0.000  Maddsub_sigma_xor<31> (sigma<31>)
    ----------------------------------------
    Total                      3.192ns (2.282ns logic, 0.910ns route)
                                       (71.5% logic, 28.5% route)

=========================================================================

Cross Clock Domains Report:
--------------------------

=========================================================================


Total REAL time to Xst completion: 5.00 secs
Total CPU time to Xst completion: 4.80 secs
 
--> 

Total memory usage is 260660 kilobytes

Number of errors   :    0 (   0 filtered)
Number of warnings :    0 (   0 filtered)
Number of infos    :    0 (   0 filtered)

