Release 14.7 - xst P.20131013 (nt64)
Copyright (c) 1995-2013 Xilinx, Inc.  All rights reserved.
--> Parameter TMPDIR set to xst/projnav.tmp


Total REAL time to Xst completion: 0.00 secs
Total CPU time to Xst completion: 0.07 secs
 
--> Parameter xsthdpdir set to xst


Total REAL time to Xst completion: 0.00 secs
Total CPU time to Xst completion: 0.08 secs
 
--> Reading design: xxtea_encrypt.prj

TABLE OF CONTENTS
  1) Synthesis Options Summary
  2) HDL Parsing
  3) HDL Elaboration
  4) HDL Synthesis
       4.1) HDL Synthesis Report
  5) Advanced HDL Synthesis
       5.1) Advanced HDL Synthesis Report
  6) Low Level Synthesis
  7) Partition Report
  8) Design Summary
       8.1) Primitive and Black Box Usage
       8.2) Device utilization summary
       8.3) Partition Resource Summary
       8.4) Timing Report
            8.4.1) Clock Information
            8.4.2) Asynchronous Control Signals Information
            8.4.3) Timing Summary
            8.4.4) Timing Details
            8.4.5) Cross Clock Domains Report


=========================================================================
*                      Synthesis Options Summary                        *
=========================================================================
---- Source Parameters
Input File Name                    : "xxtea_encrypt.prj"
Ignore Synthesis Constraint File   : NO

---- Target Parameters
Output File Name                   : "xxtea_encrypt"
Output Format                      : NGC
Target Device                      : xc6slx16-2-csg324

---- Source Options
Top Module Name                    : xxtea_encrypt
Automatic FSM Extraction           : YES
FSM Encoding Algorithm             : Auto
Safe Implementation                : No
FSM Style                          : LUT
RAM Extraction                     : Yes
RAM Style                          : Auto
ROM Extraction                     : Yes
Shift Register Extraction          : YES
ROM Style                          : Auto
Resource Sharing                   : YES
Asynchronous To Synchronous        : NO
Shift Register Minimum Size        : 2
Use DSP Block                      : Auto
Automatic Register Balancing       : No

---- Target Options
LUT Combining                      : Auto
Reduce Control Sets                : Auto
Add IO Buffers                     : YES
Global Maximum Fanout              : 100000
Add Generic Clock Buffer(BUFG)     : 16
Register Duplication               : YES
Optimize Instantiated Primitives   : NO
Use Clock Enable                   : Auto
Use Synchronous Set                : Auto
Use Synchronous Reset              : Auto
Pack IO Registers into IOBs        : Auto
Equivalent register Removal        : YES

---- General Options
Optimization Goal                  : Speed
Optimization Effort                : 1
Power Reduction                    : NO
Keep Hierarchy                     : No
Netlist Hierarchy                  : As_Optimized
RTL Output                         : Yes
Global Optimization                : AllClockNets
Read Cores                         : YES
Write Timing Constraints           : NO
Cross Clock Analysis               : NO
Hierarchy Separator                : /
Bus Delimiter                      : <>
Case Specifier                     : Maintain
Slice Utilization Ratio            : 100
BRAM Utilization Ratio             : 100
DSP48 Utilization Ratio            : 100
Auto BRAM Packing                  : NO
Slice Utilization Ratio Delta      : 5

=========================================================================


=========================================================================
*                          HDL Parsing                                  *
=========================================================================
Parsing VHDL file "C:\Users\HP\Desktop\University\Academics\Capstone\XXTEA\XXTEA\key_scheduler.vhd" into library work
Parsing entity <key_scheduler>.
Parsing architecture <Behavioral> of entity <key_scheduler>.
Parsing VHDL file "C:\Users\HP\Desktop\University\Academics\Capstone\XXTEA\XXTEA\key_RAM.vhd" into library work
Parsing entity <key_RAM>.
Parsing architecture <Behavioral> of entity <key_ram>.
Parsing VHDL file "C:\Users\HP\Desktop\University\Academics\Capstone\XXTEA\XXTEA\sums.vhd" into library work
Parsing entity <sums>.
Parsing architecture <Behavioral> of entity <sums>.
Parsing VHDL file "C:\Users\HP\Desktop\University\Academics\Capstone\XXTEA\XXTEA\key_module.vhd" into library work
Parsing entity <key_module>.
Parsing architecture <Behavioral> of entity <key_module>.
Parsing VHDL file "C:\Users\HP\Desktop\University\Academics\Capstone\XXTEA\XXTEA\xxtea_encrypt.vhd" into library work
Parsing entity <xxtea_encrypt>.
Parsing architecture <Behavioral> of entity <xxtea_encrypt>.

=========================================================================
*                            HDL Elaboration                            *
=========================================================================

Elaborating entity <xxtea_encrypt> (architecture <Behavioral>) from library <work>.

Elaborating entity <sums> (architecture <Behavioral>) from library <work>.

Elaborating entity <key_module> (architecture <Behavioral>) from library <work>.

Elaborating entity <key_scheduler> (architecture <Behavioral>) from library <work>.

Elaborating entity <key_RAM> (architecture <Behavioral>) from library <work>.

=========================================================================
*                           HDL Synthesis                               *
=========================================================================

Synthesizing Unit <xxtea_encrypt>.
    Related source file is "C:\Users\HP\Desktop\University\Academics\Capstone\XXTEA\XXTEA\xxtea_encrypt.vhd".
WARNING:Xst:647 - Input <pt> is never used. This port will be preserved and left unconnected if it belongs to a top-level block or it belongs to a sub-block and the hierarchy of this sub-block is preserved.
    Summary:
	no macro.
Unit <xxtea_encrypt> synthesized.

Synthesizing Unit <sums>.
    Related source file is "C:\Users\HP\Desktop\University\Academics\Capstone\XXTEA\XXTEA\sums.vhd".
    Found 32-bit register for signal <sum_1s>.
    Found 32-bit register for signal <sum_2s>.
    Found 32-bit register for signal <sum_3s>.
    Found 2-bit register for signal <counter>.
    Found 32-bit register for signal <sum_0s>.
    Found 32-bit adder for signal <sum_3s[31]_PWR_5_o_add_1_OUT> created at line 73.
    Found 2-bit adder for signal <counter[1]_GND_5_o_add_2_OUT> created at line 1241.
    Summary:
	inferred   2 Adder/Subtractor(s).
	inferred 130 D-type flip-flop(s).
Unit <sums> synthesized.

Synthesizing Unit <key_module>.
    Related source file is "C:\Users\HP\Desktop\University\Academics\Capstone\XXTEA\XXTEA\key_module.vhd".
    Summary:
	no macro.
Unit <key_module> synthesized.

Synthesizing Unit <key_scheduler>.
    Related source file is "C:\Users\HP\Desktop\University\Academics\Capstone\XXTEA\XXTEA\key_scheduler.vhd".
WARNING:Xst:647 - Input <sum_0<1:0>> is never used. This port will be preserved and left unconnected if it belongs to a top-level block or it belongs to a sub-block and the hierarchy of this sub-block is preserved.
WARNING:Xst:647 - Input <sum_0<31:4>> is never used. This port will be preserved and left unconnected if it belongs to a top-level block or it belongs to a sub-block and the hierarchy of this sub-block is preserved.
WARNING:Xst:647 - Input <sum_1<1:0>> is never used. This port will be preserved and left unconnected if it belongs to a top-level block or it belongs to a sub-block and the hierarchy of this sub-block is preserved.
WARNING:Xst:647 - Input <sum_1<31:4>> is never used. This port will be preserved and left unconnected if it belongs to a top-level block or it belongs to a sub-block and the hierarchy of this sub-block is preserved.
WARNING:Xst:647 - Input <sum_2<1:0>> is never used. This port will be preserved and left unconnected if it belongs to a top-level block or it belongs to a sub-block and the hierarchy of this sub-block is preserved.
WARNING:Xst:647 - Input <sum_2<31:4>> is never used. This port will be preserved and left unconnected if it belongs to a top-level block or it belongs to a sub-block and the hierarchy of this sub-block is preserved.
WARNING:Xst:647 - Input <sum_3<1:0>> is never used. This port will be preserved and left unconnected if it belongs to a top-level block or it belongs to a sub-block and the hierarchy of this sub-block is preserved.
WARNING:Xst:647 - Input <sum_3<31:4>> is never used. This port will be preserved and left unconnected if it belongs to a top-level block or it belongs to a sub-block and the hierarchy of this sub-block is preserved.
    Summary:
	no macro.
Unit <key_scheduler> synthesized.

Synthesizing Unit <key_RAM>.
    Related source file is "C:\Users\HP\Desktop\University\Academics\Capstone\XXTEA\XXTEA\key_RAM.vhd".
    Found 32-bit register for signal <key_s<1>>.
    Found 32-bit register for signal <key_s<2>>.
    Found 32-bit register for signal <key_s<3>>.
    Found 32-bit register for signal <key_s<0>>.
    Found 32-bit 4-to-1 multiplexer for signal <key_0> created at line 71.
    Found 32-bit 4-to-1 multiplexer for signal <key_1> created at line 72.
    Found 32-bit 4-to-1 multiplexer for signal <key_2> created at line 73.
    Found 32-bit 4-to-1 multiplexer for signal <key_3> created at line 74.
    Summary:
	inferred 128 D-type flip-flop(s).
	inferred   4 Multiplexer(s).
Unit <key_RAM> synthesized.

=========================================================================
HDL Synthesis Report

Macro Statistics
# Adders/Subtractors                                   : 2
 2-bit adder                                           : 1
 32-bit adder                                          : 1
# Registers                                            : 9
 2-bit register                                        : 1
 32-bit register                                       : 8
# Multiplexers                                         : 4
 32-bit 4-to-1 multiplexer                             : 4

=========================================================================

=========================================================================
*                       Advanced HDL Synthesis                          *
=========================================================================


Synthesizing (advanced) Unit <sums>.
The following registers are absorbed into counter <counter>: 1 register on signal <counter>.
Unit <sums> synthesized (advanced).

=========================================================================
Advanced HDL Synthesis Report

Macro Statistics
# Adders/Subtractors                                   : 1
 32-bit adder                                          : 1
# Counters                                             : 1
 2-bit up counter                                      : 1
# Registers                                            : 256
 Flip-Flops                                            : 256
# Multiplexers                                         : 4
 32-bit 4-to-1 multiplexer                             : 4

=========================================================================

=========================================================================
*                         Low Level Synthesis                           *
=========================================================================

Optimizing unit <xxtea_encrypt> ...

Optimizing unit <key_RAM> ...

Optimizing unit <sums> ...
WARNING:Xst:2677 - Node <sums_comp/sum_1s_31> of sequential type is unconnected in block <xxtea_encrypt>.
WARNING:Xst:2677 - Node <sums_comp/sum_1s_30> of sequential type is unconnected in block <xxtea_encrypt>.
WARNING:Xst:2677 - Node <sums_comp/sum_1s_29> of sequential type is unconnected in block <xxtea_encrypt>.
WARNING:Xst:2677 - Node <sums_comp/sum_1s_28> of sequential type is unconnected in block <xxtea_encrypt>.
WARNING:Xst:2677 - Node <sums_comp/sum_1s_27> of sequential type is unconnected in block <xxtea_encrypt>.
WARNING:Xst:2677 - Node <sums_comp/sum_1s_26> of sequential type is unconnected in block <xxtea_encrypt>.
WARNING:Xst:2677 - Node <sums_comp/sum_1s_25> of sequential type is unconnected in block <xxtea_encrypt>.
WARNING:Xst:2677 - Node <sums_comp/sum_1s_24> of sequential type is unconnected in block <xxtea_encrypt>.
WARNING:Xst:2677 - Node <sums_comp/sum_1s_23> of sequential type is unconnected in block <xxtea_encrypt>.
WARNING:Xst:2677 - Node <sums_comp/sum_1s_22> of sequential type is unconnected in block <xxtea_encrypt>.
WARNING:Xst:2677 - Node <sums_comp/sum_1s_21> of sequential type is unconnected in block <xxtea_encrypt>.
WARNING:Xst:2677 - Node <sums_comp/sum_1s_20> of sequential type is unconnected in block <xxtea_encrypt>.
WARNING:Xst:2677 - Node <sums_comp/sum_1s_19> of sequential type is unconnected in block <xxtea_encrypt>.
WARNING:Xst:2677 - Node <sums_comp/sum_1s_18> of sequential type is unconnected in block <xxtea_encrypt>.
WARNING:Xst:2677 - Node <sums_comp/sum_1s_17> of sequential type is unconnected in block <xxtea_encrypt>.
WARNING:Xst:2677 - Node <sums_comp/sum_1s_16> of sequential type is unconnected in block <xxtea_encrypt>.
WARNING:Xst:2677 - Node <sums_comp/sum_1s_15> of sequential type is unconnected in block <xxtea_encrypt>.
WARNING:Xst:2677 - Node <sums_comp/sum_1s_14> of sequential type is unconnected in block <xxtea_encrypt>.
WARNING:Xst:2677 - Node <sums_comp/sum_1s_13> of sequential type is unconnected in block <xxtea_encrypt>.
WARNING:Xst:2677 - Node <sums_comp/sum_1s_12> of sequential type is unconnected in block <xxtea_encrypt>.
WARNING:Xst:2677 - Node <sums_comp/sum_1s_11> of sequential type is unconnected in block <xxtea_encrypt>.
WARNING:Xst:2677 - Node <sums_comp/sum_1s_10> of sequential type is unconnected in block <xxtea_encrypt>.
WARNING:Xst:2677 - Node <sums_comp/sum_1s_9> of sequential type is unconnected in block <xxtea_encrypt>.
WARNING:Xst:2677 - Node <sums_comp/sum_1s_8> of sequential type is unconnected in block <xxtea_encrypt>.
WARNING:Xst:2677 - Node <sums_comp/sum_1s_7> of sequential type is unconnected in block <xxtea_encrypt>.
WARNING:Xst:2677 - Node <sums_comp/sum_1s_6> of sequential type is unconnected in block <xxtea_encrypt>.
WARNING:Xst:2677 - Node <sums_comp/sum_1s_5> of sequential type is unconnected in block <xxtea_encrypt>.
WARNING:Xst:2677 - Node <sums_comp/sum_1s_4> of sequential type is unconnected in block <xxtea_encrypt>.
WARNING:Xst:2677 - Node <sums_comp/sum_0s_31> of sequential type is unconnected in block <xxtea_encrypt>.
WARNING:Xst:2677 - Node <sums_comp/sum_0s_30> of sequential type is unconnected in block <xxtea_encrypt>.
WARNING:Xst:2677 - Node <sums_comp/sum_0s_29> of sequential type is unconnected in block <xxtea_encrypt>.
WARNING:Xst:2677 - Node <sums_comp/sum_0s_28> of sequential type is unconnected in block <xxtea_encrypt>.
WARNING:Xst:2677 - Node <sums_comp/sum_0s_27> of sequential type is unconnected in block <xxtea_encrypt>.
WARNING:Xst:2677 - Node <sums_comp/sum_0s_26> of sequential type is unconnected in block <xxtea_encrypt>.
WARNING:Xst:2677 - Node <sums_comp/sum_0s_25> of sequential type is unconnected in block <xxtea_encrypt>.
WARNING:Xst:2677 - Node <sums_comp/sum_0s_24> of sequential type is unconnected in block <xxtea_encrypt>.
WARNING:Xst:2677 - Node <sums_comp/sum_0s_23> of sequential type is unconnected in block <xxtea_encrypt>.
WARNING:Xst:2677 - Node <sums_comp/sum_0s_22> of sequential type is unconnected in block <xxtea_encrypt>.
WARNING:Xst:2677 - Node <sums_comp/sum_0s_21> of sequential type is unconnected in block <xxtea_encrypt>.
WARNING:Xst:2677 - Node <sums_comp/sum_0s_20> of sequential type is unconnected in block <xxtea_encrypt>.
WARNING:Xst:2677 - Node <sums_comp/sum_0s_19> of sequential type is unconnected in block <xxtea_encrypt>.
WARNING:Xst:2677 - Node <sums_comp/sum_0s_18> of sequential type is unconnected in block <xxtea_encrypt>.
WARNING:Xst:2677 - Node <sums_comp/sum_0s_17> of sequential type is unconnected in block <xxtea_encrypt>.
WARNING:Xst:2677 - Node <sums_comp/sum_0s_16> of sequential type is unconnected in block <xxtea_encrypt>.
WARNING:Xst:2677 - Node <sums_comp/sum_0s_15> of sequential type is unconnected in block <xxtea_encrypt>.
WARNING:Xst:2677 - Node <sums_comp/sum_0s_14> of sequential type is unconnected in block <xxtea_encrypt>.
WARNING:Xst:2677 - Node <sums_comp/sum_0s_13> of sequential type is unconnected in block <xxtea_encrypt>.
WARNING:Xst:2677 - Node <sums_comp/sum_0s_12> of sequential type is unconnected in block <xxtea_encrypt>.
WARNING:Xst:2677 - Node <sums_comp/sum_0s_11> of sequential type is unconnected in block <xxtea_encrypt>.
WARNING:Xst:2677 - Node <sums_comp/sum_0s_10> of sequential type is unconnected in block <xxtea_encrypt>.
WARNING:Xst:2677 - Node <sums_comp/sum_0s_9> of sequential type is unconnected in block <xxtea_encrypt>.
WARNING:Xst:2677 - Node <sums_comp/sum_0s_8> of sequential type is unconnected in block <xxtea_encrypt>.
WARNING:Xst:2677 - Node <sums_comp/sum_0s_7> of sequential type is unconnected in block <xxtea_encrypt>.
WARNING:Xst:2677 - Node <sums_comp/sum_0s_6> of sequential type is unconnected in block <xxtea_encrypt>.
WARNING:Xst:2677 - Node <sums_comp/sum_0s_5> of sequential type is unconnected in block <xxtea_encrypt>.
WARNING:Xst:2677 - Node <sums_comp/sum_0s_4> of sequential type is unconnected in block <xxtea_encrypt>.
WARNING:Xst:2677 - Node <sums_comp/sum_3s_31> of sequential type is unconnected in block <xxtea_encrypt>.
WARNING:Xst:2677 - Node <sums_comp/sum_3s_30> of sequential type is unconnected in block <xxtea_encrypt>.
WARNING:Xst:2677 - Node <sums_comp/sum_3s_29> of sequential type is unconnected in block <xxtea_encrypt>.
WARNING:Xst:2677 - Node <sums_comp/sum_3s_28> of sequential type is unconnected in block <xxtea_encrypt>.
WARNING:Xst:2677 - Node <sums_comp/sum_3s_27> of sequential type is unconnected in block <xxtea_encrypt>.
WARNING:Xst:2677 - Node <sums_comp/sum_3s_26> of sequential type is unconnected in block <xxtea_encrypt>.
WARNING:Xst:2677 - Node <sums_comp/sum_3s_25> of sequential type is unconnected in block <xxtea_encrypt>.
WARNING:Xst:2677 - Node <sums_comp/sum_3s_24> of sequential type is unconnected in block <xxtea_encrypt>.
WARNING:Xst:2677 - Node <sums_comp/sum_3s_23> of sequential type is unconnected in block <xxtea_encrypt>.
WARNING:Xst:2677 - Node <sums_comp/sum_3s_22> of sequential type is unconnected in block <xxtea_encrypt>.
WARNING:Xst:2677 - Node <sums_comp/sum_3s_21> of sequential type is unconnected in block <xxtea_encrypt>.
WARNING:Xst:2677 - Node <sums_comp/sum_3s_20> of sequential type is unconnected in block <xxtea_encrypt>.
WARNING:Xst:2677 - Node <sums_comp/sum_3s_19> of sequential type is unconnected in block <xxtea_encrypt>.
WARNING:Xst:2677 - Node <sums_comp/sum_3s_18> of sequential type is unconnected in block <xxtea_encrypt>.
WARNING:Xst:2677 - Node <sums_comp/sum_3s_17> of sequential type is unconnected in block <xxtea_encrypt>.
WARNING:Xst:2677 - Node <sums_comp/sum_3s_16> of sequential type is unconnected in block <xxtea_encrypt>.
WARNING:Xst:2677 - Node <sums_comp/sum_3s_15> of sequential type is unconnected in block <xxtea_encrypt>.
WARNING:Xst:2677 - Node <sums_comp/sum_3s_14> of sequential type is unconnected in block <xxtea_encrypt>.
WARNING:Xst:2677 - Node <sums_comp/sum_3s_13> of sequential type is unconnected in block <xxtea_encrypt>.
WARNING:Xst:2677 - Node <sums_comp/sum_3s_12> of sequential type is unconnected in block <xxtea_encrypt>.
WARNING:Xst:2677 - Node <sums_comp/sum_3s_11> of sequential type is unconnected in block <xxtea_encrypt>.
WARNING:Xst:2677 - Node <sums_comp/sum_3s_10> of sequential type is unconnected in block <xxtea_encrypt>.
WARNING:Xst:2677 - Node <sums_comp/sum_3s_9> of sequential type is unconnected in block <xxtea_encrypt>.
WARNING:Xst:2677 - Node <sums_comp/sum_3s_8> of sequential type is unconnected in block <xxtea_encrypt>.
WARNING:Xst:2677 - Node <sums_comp/sum_3s_7> of sequential type is unconnected in block <xxtea_encrypt>.
WARNING:Xst:2677 - Node <sums_comp/sum_3s_6> of sequential type is unconnected in block <xxtea_encrypt>.
WARNING:Xst:2677 - Node <sums_comp/sum_3s_5> of sequential type is unconnected in block <xxtea_encrypt>.
WARNING:Xst:2677 - Node <sums_comp/sum_3s_4> of sequential type is unconnected in block <xxtea_encrypt>.
WARNING:Xst:2677 - Node <sums_comp/sum_2s_31> of sequential type is unconnected in block <xxtea_encrypt>.
WARNING:Xst:2677 - Node <sums_comp/sum_2s_30> of sequential type is unconnected in block <xxtea_encrypt>.
WARNING:Xst:2677 - Node <sums_comp/sum_2s_29> of sequential type is unconnected in block <xxtea_encrypt>.
WARNING:Xst:2677 - Node <sums_comp/sum_2s_28> of sequential type is unconnected in block <xxtea_encrypt>.
WARNING:Xst:2677 - Node <sums_comp/sum_2s_27> of sequential type is unconnected in block <xxtea_encrypt>.
WARNING:Xst:2677 - Node <sums_comp/sum_2s_26> of sequential type is unconnected in block <xxtea_encrypt>.
WARNING:Xst:2677 - Node <sums_comp/sum_2s_25> of sequential type is unconnected in block <xxtea_encrypt>.
WARNING:Xst:2677 - Node <sums_comp/sum_2s_24> of sequential type is unconnected in block <xxtea_encrypt>.
WARNING:Xst:2677 - Node <sums_comp/sum_2s_23> of sequential type is unconnected in block <xxtea_encrypt>.
WARNING:Xst:2677 - Node <sums_comp/sum_2s_22> of sequential type is unconnected in block <xxtea_encrypt>.
WARNING:Xst:2677 - Node <sums_comp/sum_2s_21> of sequential type is unconnected in block <xxtea_encrypt>.
WARNING:Xst:2677 - Node <sums_comp/sum_2s_20> of sequential type is unconnected in block <xxtea_encrypt>.
WARNING:Xst:2677 - Node <sums_comp/sum_2s_19> of sequential type is unconnected in block <xxtea_encrypt>.
WARNING:Xst:2677 - Node <sums_comp/sum_2s_18> of sequential type is unconnected in block <xxtea_encrypt>.
WARNING:Xst:2677 - Node <sums_comp/sum_2s_17> of sequential type is unconnected in block <xxtea_encrypt>.
WARNING:Xst:2677 - Node <sums_comp/sum_2s_16> of sequential type is unconnected in block <xxtea_encrypt>.
WARNING:Xst:2677 - Node <sums_comp/sum_2s_15> of sequential type is unconnected in block <xxtea_encrypt>.
WARNING:Xst:2677 - Node <sums_comp/sum_2s_14> of sequential type is unconnected in block <xxtea_encrypt>.
WARNING:Xst:2677 - Node <sums_comp/sum_2s_13> of sequential type is unconnected in block <xxtea_encrypt>.
WARNING:Xst:2677 - Node <sums_comp/sum_2s_12> of sequential type is unconnected in block <xxtea_encrypt>.
WARNING:Xst:2677 - Node <sums_comp/sum_2s_11> of sequential type is unconnected in block <xxtea_encrypt>.
WARNING:Xst:2677 - Node <sums_comp/sum_2s_10> of sequential type is unconnected in block <xxtea_encrypt>.
WARNING:Xst:2677 - Node <sums_comp/sum_2s_9> of sequential type is unconnected in block <xxtea_encrypt>.
WARNING:Xst:2677 - Node <sums_comp/sum_2s_8> of sequential type is unconnected in block <xxtea_encrypt>.
WARNING:Xst:2677 - Node <sums_comp/sum_2s_7> of sequential type is unconnected in block <xxtea_encrypt>.
WARNING:Xst:2677 - Node <sums_comp/sum_2s_6> of sequential type is unconnected in block <xxtea_encrypt>.
WARNING:Xst:2677 - Node <sums_comp/sum_2s_5> of sequential type is unconnected in block <xxtea_encrypt>.
WARNING:Xst:2677 - Node <sums_comp/sum_2s_4> of sequential type is unconnected in block <xxtea_encrypt>.

Mapping all equations...
Building and optimizing final netlist ...
Found area constraint ratio of 100 (+ 5) on block xxtea_encrypt, actual ratio is 2.
FlipFlop sums_comp/sum_3s_2 has been replicated 1 time(s)

Final Macro Processing ...

=========================================================================
Final Register Report

Macro Statistics
# Registers                                            : 147
 Flip-Flops                                            : 147

=========================================================================

=========================================================================
*                           Partition Report                            *
=========================================================================

Partition Implementation Status
-------------------------------

  No Partitions were found in this design.

-------------------------------

=========================================================================
*                            Design Summary                             *
=========================================================================

Top Level Output File Name         : xxtea_encrypt.ngc

Primitive and Black Box Usage:
------------------------------
# BELS                             : 149
#      GND                         : 1
#      INV                         : 4
#      LUT1                        : 2
#      LUT2                        : 3
#      LUT3                        : 3
#      LUT6                        : 128
#      MUXCY                       : 3
#      VCC                         : 1
#      XORCY                       : 4
# FlipFlops/Latches                : 147
#      FDE                         : 128
#      FDR                         : 13
#      FDRE                        : 6
# Clock Buffers                    : 1
#      BUFGP                       : 1
# IO Buffers                       : 258
#      IBUF                        : 130
#      OBUF                        : 128

Device utilization summary:
---------------------------

Selected Device : 6slx16csg324-2 


Slice Logic Utilization: 
 Number of Slice Registers:              19  out of  18224     0%  
 Number of Slice LUTs:                  140  out of   9112     1%  
    Number used as Logic:               140  out of   9112     1%  

Slice Logic Distribution: 
 Number of LUT Flip Flop pairs used:    149
   Number with an unused Flip Flop:     130  out of    149    87%  
   Number with an unused LUT:             9  out of    149     6%  
   Number of fully used LUT-FF pairs:    10  out of    149     6%  
   Number of unique control sets:         5

IO Utilization: 
 Number of IOs:                         387
 Number of bonded IOBs:                 259  out of    232   111% (*) 
    IOB Flip Flops/Latches:             128

Specific Feature Utilization:
 Number of BUFG/BUFGCTRLs:                1  out of     16     6%  

WARNING:Xst:1336 -  (*) More than 100% of Device resources are used

---------------------------
Partition Resource Summary:
---------------------------

  No Partitions were found in this design.

---------------------------


=========================================================================
Timing Report

NOTE: THESE TIMING NUMBERS ARE ONLY A SYNTHESIS ESTIMATE.
      FOR ACCURATE TIMING INFORMATION PLEASE REFER TO THE TRACE REPORT
      GENERATED AFTER PLACE-and-ROUTE.

Clock Information:
------------------
-----------------------------------+------------------------+-------+
Clock Signal                       | Clock buffer(FF name)  | Load  |
-----------------------------------+------------------------+-------+
clk                                | BUFGP                  | 147   |
-----------------------------------+------------------------+-------+

Asynchronous Control Signals Information:
----------------------------------------
No asynchronous control signals found in this design

Timing Summary:
---------------
Speed Grade: -2

   Minimum period: 2.915ns (Maximum Frequency: 343.024MHz)
   Minimum input arrival time before clock: 3.983ns
   Maximum output required time after clock: 6.380ns
   Maximum combinational path delay: No path found

Timing Details:
---------------
All values displayed in nanoseconds (ns)

=========================================================================
Timing constraint: Default period analysis for Clock 'clk'
  Clock period: 2.915ns (frequency: 343.024MHz)
  Total number of paths / destination ports: 41 / 25
-------------------------------------------------------------------------
Delay:               2.915ns (Levels of Logic = 5)
  Source:            sums_comp/sum_3s_0 (FF)
  Destination:       sums_comp/sum_0s_2 (FF)
  Source Clock:      clk rising
  Destination Clock: clk rising

  Data Path: sums_comp/sum_3s_0 to sums_comp/sum_0s_2
                                Gate     Net
    Cell:in->out      fanout   Delay   Delay  Logical Name (Net Name)
    ----------------------------------------  ------------
     FDR:C->Q              1   0.525   0.681  sums_comp/sum_3s_0 (sums_comp/sum_3s_0)
     INV:I->O              1   0.255   0.000  sums_comp/Madd_sum_3s[31]_PWR_5_o_add_1_OUT_lut<0>_INV_0 (sums_comp/Madd_sum_3s[31]_PWR_5_o_add_1_OUT_lut<0>)
     MUXCY:S->O            1   0.215   0.000  sums_comp/Madd_sum_3s[31]_PWR_5_o_add_1_OUT_cy<0> (sums_comp/Madd_sum_3s[31]_PWR_5_o_add_1_OUT_cy<0>)
     MUXCY:CI->O           1   0.023   0.000  sums_comp/Madd_sum_3s[31]_PWR_5_o_add_1_OUT_cy<1> (sums_comp/Madd_sum_3s[31]_PWR_5_o_add_1_OUT_cy<1>)
     XORCY:CI->O           1   0.206   0.682  sums_comp/Madd_sum_3s[31]_PWR_5_o_add_1_OUT_xor<2> (sums_comp/sum_3s[31]_PWR_5_o_add_1_OUT<2>)
     LUT3:I2->O            1   0.254   0.000  sums_comp/sum_0s_2_dpot (sums_comp/sum_0s_2_dpot)
     FDRE:D                    0.074          sums_comp/sum_0s_2
    ----------------------------------------
    Total                      2.915ns (1.552ns logic, 1.363ns route)
                                       (53.2% logic, 46.8% route)

=========================================================================
Timing constraint: Default OFFSET IN BEFORE for Clock 'clk'
  Total number of paths / destination ports: 275 / 275
-------------------------------------------------------------------------
Offset:              3.983ns (Levels of Logic = 2)
  Source:            en (PAD)
  Destination:       sums_comp/counter_1 (FF)
  Destination Clock: clk rising

  Data Path: en to sums_comp/counter_1
                                Gate     Net
    Cell:in->out      fanout   Delay   Delay  Logical Name (Net Name)
    ----------------------------------------  ------------
     IBUF:I->O             1   1.328   0.681  en_IBUF (en_IBUF)
     INV:I->O             19   0.255   1.260  sums_comp/en_inv1_INV_0 (sums_comp/en_inv)
     FDR:R                     0.459          sums_comp/sum_2s_0
    ----------------------------------------
    Total                      3.983ns (2.042ns logic, 1.941ns route)
                                       (51.3% logic, 48.7% route)

=========================================================================
Timing constraint: Default OFFSET OUT AFTER for Clock 'clk'
  Total number of paths / destination ports: 768 / 128
-------------------------------------------------------------------------
Offset:              6.380ns (Levels of Logic = 2)
  Source:            sums_comp/sum_2s_2 (FF)
  Destination:       ct<95> (PAD)
  Source Clock:      clk rising

  Data Path: sums_comp/sum_2s_2 to ct<95>
                                Gate     Net
    Cell:in->out      fanout   Delay   Delay  Logical Name (Net Name)
    ----------------------------------------  ------------
     FDR:C->Q             34   0.525   2.008  sums_comp/sum_2s_2 (sums_comp/sum_2s_2)
     LUT6:I0->O            1   0.254   0.681  key_mod/key_stor/Mmux_key_291 (ct_81_OBUF)
     OBUF:I->O                 2.912          ct_81_OBUF (ct<81>)
    ----------------------------------------
    Total                      6.380ns (3.691ns logic, 2.689ns route)
                                       (57.8% logic, 42.2% route)

=========================================================================

Cross Clock Domains Report:
--------------------------

Clock to Setup on destination clock clk
---------------+---------+---------+---------+---------+
               | Src:Rise| Src:Fall| Src:Rise| Src:Fall|
Source Clock   |Dest:Rise|Dest:Rise|Dest:Fall|Dest:Fall|
---------------+---------+---------+---------+---------+
clk            |    2.915|         |         |         |
---------------+---------+---------+---------+---------+

=========================================================================


Total REAL time to Xst completion: 6.00 secs
Total CPU time to Xst completion: 5.51 secs
 
--> 

Total memory usage is 263068 kilobytes

Number of errors   :    0 (   0 filtered)
Number of warnings :  122 (   0 filtered)
Number of infos    :    0 (   0 filtered)

